[0.072s] DEBUG:colcon:Command line arguments: ['/usr/bin/colcon', 'build', '--allow-overriding', 'mrs_uav_gazebo_simulator', '--symlink-install']
[0.072s] DEBUG:colcon:Parsed command line arguments: Namespace(log_base=None, log_level=None, verb_name='build', build_base='build', install_base='install', merge_install=False, symlink_install=True, test_result_base=None, continue_on_error=False, executor='parallel', parallel_workers=16, event_handlers=None, ignore_user_meta=False, metas=['./colcon.meta'], base_paths=['.'], packages_ignore=None, packages_ignore_regex=None, paths=None, packages_up_to=None, packages_up_to_regex=None, packages_above=None, packages_above_and_dependencies=None, packages_above_depth=None, packages_select_by_dep=None, packages_skip_by_dep=None, packages_skip_up_to=None, packages_select_build_failed=False, packages_skip_build_finished=False, packages_select_test_failures=False, packages_skip_test_passed=False, packages_select=None, packages_skip=None, packages_select_regex=None, packages_skip_regex=None, packages_start=None, packages_end=None, allow_overriding=['mrs_uav_gazebo_simulator'], cmake_args=None, cmake_target=None, cmake_target_skip_unavailable=False, cmake_clean_cache=False, cmake_clean_first=False, cmake_force_configure=False, ament_cmake_args=None, catkin_cmake_args=None, catkin_skip_building_tests=False, mixin_files=None, mixin=None, verb_parser=<colcon_mixin.mixin.mixin_argument.MixinArgumentDecorator object at 0x7b223a0f9280>, verb_extension=<colcon_core.verb.build.BuildVerb object at 0x7b223a04d1c0>, main=<bound method BuildVerb.main of <colcon_core.verb.build.BuildVerb object at 0x7b223a04d1c0>>, mixin_verb=('build',))
[0.096s] Level 1:colcon.colcon_core.package_discovery:discover_packages(colcon_meta) check parameters
[0.096s] Level 1:colcon.colcon_core.package_discovery:discover_packages(recursive) check parameters
[0.096s] Level 1:colcon.colcon_core.package_discovery:discover_packages(ignore) check parameters
[0.096s] Level 1:colcon.colcon_core.package_discovery:discover_packages(path) check parameters
[0.096s] Level 1:colcon.colcon_core.package_discovery:discover_packages(colcon_meta) discover
[0.096s] Level 1:colcon.colcon_core.package_discovery:discover_packages(recursive) discover
[0.096s] INFO:colcon.colcon_core.package_discovery:Crawling recursively for packages in '/home/tim/ws_ros2/src/uvdar_gazebo_plugin/tmux/two_drones_uvdar'
[0.096s] Level 1:colcon.colcon_core.package_identification:_identify(.) by extensions ['ignore', 'ignore_ament_install']
[0.096s] Level 1:colcon.colcon_core.package_identification:_identify(.) by extension 'ignore'
[0.096s] Level 1:colcon.colcon_core.package_identification:_identify(.) by extension 'ignore_ament_install'
[0.096s] Level 1:colcon.colcon_core.package_identification:_identify(.) by extensions ['colcon_pkg']
[0.096s] Level 1:colcon.colcon_core.package_identification:_identify(.) by extension 'colcon_pkg'
[0.096s] Level 1:colcon.colcon_core.package_identification:_identify(.) by extensions ['colcon_meta']
[0.096s] Level 1:colcon.colcon_core.package_identification:_identify(.) by extension 'colcon_meta'
[0.096s] Level 1:colcon.colcon_core.package_identification:_identify(.) by extensions ['ros']
[0.096s] Level 1:colcon.colcon_core.package_identification:_identify(.) by extension 'ros'
[0.110s] Level 1:colcon.colcon_core.package_identification:_identify(.) by extensions ['cmake', 'python']
[0.111s] Level 1:colcon.colcon_core.package_identification:_identify(.) by extension 'cmake'
[0.111s] Level 1:colcon.colcon_core.package_identification:_identify(.) by extension 'python'
[0.111s] Level 1:colcon.colcon_core.package_identification:_identify(.) by extensions ['python_setup_py']
[0.111s] Level 1:colcon.colcon_core.package_identification:_identify(.) by extension 'python_setup_py'
[0.111s] Level 1:colcon.colcon_core.package_identification:_identify(build) by extensions ['ignore', 'ignore_ament_install']
[0.111s] Level 1:colcon.colcon_core.package_identification:_identify(build) by extension 'ignore'
[0.111s] Level 1:colcon.colcon_core.package_identification:_identify(build) ignored
[0.111s] Level 1:colcon.colcon_core.package_identification:_identify(config) by extensions ['ignore', 'ignore_ament_install']
[0.111s] Level 1:colcon.colcon_core.package_identification:_identify(config) by extension 'ignore'
[0.111s] Level 1:colcon.colcon_core.package_identification:_identify(config) by extension 'ignore_ament_install'
[0.111s] Level 1:colcon.colcon_core.package_identification:_identify(config) by extensions ['colcon_pkg']
[0.111s] Level 1:colcon.colcon_core.package_identification:_identify(config) by extension 'colcon_pkg'
[0.111s] Level 1:colcon.colcon_core.package_identification:_identify(config) by extensions ['colcon_meta']
[0.111s] Level 1:colcon.colcon_core.package_identification:_identify(config) by extension 'colcon_meta'
[0.111s] Level 1:colcon.colcon_core.package_identification:_identify(config) by extensions ['ros']
[0.111s] Level 1:colcon.colcon_core.package_identification:_identify(config) by extension 'ros'
[0.111s] Level 1:colcon.colcon_core.package_identification:_identify(config) by extensions ['cmake', 'python']
[0.111s] Level 1:colcon.colcon_core.package_identification:_identify(config) by extension 'cmake'
[0.111s] Level 1:colcon.colcon_core.package_identification:_identify(config) by extension 'python'
[0.111s] Level 1:colcon.colcon_core.package_identification:_identify(config) by extensions ['python_setup_py']
[0.111s] Level 1:colcon.colcon_core.package_identification:_identify(config) by extension 'python_setup_py'
[0.111s] Level 1:colcon.colcon_core.package_identification:_identify(config/camera) by extensions ['ignore', 'ignore_ament_install']
[0.111s] Level 1:colcon.colcon_core.package_identification:_identify(config/camera) by extension 'ignore'
[0.111s] Level 1:colcon.colcon_core.package_identification:_identify(config/camera) by extension 'ignore_ament_install'
[0.111s] Level 1:colcon.colcon_core.package_identification:_identify(config/camera) by extensions ['colcon_pkg']
[0.111s] Level 1:colcon.colcon_core.package_identification:_identify(config/camera) by extension 'colcon_pkg'
[0.111s] Level 1:colcon.colcon_core.package_identification:_identify(config/camera) by extensions ['colcon_meta']
[0.111s] Level 1:colcon.colcon_core.package_identification:_identify(config/camera) by extension 'colcon_meta'
[0.111s] Level 1:colcon.colcon_core.package_identification:_identify(config/camera) by extensions ['ros']
[0.111s] Level 1:colcon.colcon_core.package_identification:_identify(config/camera) by extension 'ros'
[0.111s] Level 1:colcon.colcon_core.package_identification:_identify(config/camera) by extensions ['cmake', 'python']
[0.111s] Level 1:colcon.colcon_core.package_identification:_identify(config/camera) by extension 'cmake'
[0.111s] Level 1:colcon.colcon_core.package_identification:_identify(config/camera) by extension 'python'
[0.111s] Level 1:colcon.colcon_core.package_identification:_identify(config/camera) by extensions ['python_setup_py']
[0.111s] Level 1:colcon.colcon_core.package_identification:_identify(config/camera) by extension 'python_setup_py'
[0.111s] Level 1:colcon.colcon_core.package_identification:_identify(config/models) by extensions ['ignore', 'ignore_ament_install']
[0.111s] Level 1:colcon.colcon_core.package_identification:_identify(config/models) by extension 'ignore'
[0.111s] Level 1:colcon.colcon_core.package_identification:_identify(config/models) by extension 'ignore_ament_install'
[0.111s] Level 1:colcon.colcon_core.package_identification:_identify(config/models) by extensions ['colcon_pkg']
[0.111s] Level 1:colcon.colcon_core.package_identification:_identify(config/models) by extension 'colcon_pkg'
[0.111s] Level 1:colcon.colcon_core.package_identification:_identify(config/models) by extensions ['colcon_meta']
[0.111s] Level 1:colcon.colcon_core.package_identification:_identify(config/models) by extension 'colcon_meta'
[0.111s] Level 1:colcon.colcon_core.package_identification:_identify(config/models) by extensions ['ros']
[0.111s] Level 1:colcon.colcon_core.package_identification:_identify(config/models) by extension 'ros'
[0.112s] Level 1:colcon.colcon_core.package_identification:_identify(config/models) by extensions ['cmake', 'python']
[0.112s] Level 1:colcon.colcon_core.package_identification:_identify(config/models) by extension 'cmake'
[0.112s] Level 1:colcon.colcon_core.package_identification:_identify(config/models) by extension 'python'
[0.112s] Level 1:colcon.colcon_core.package_identification:_identify(config/models) by extensions ['python_setup_py']
[0.112s] Level 1:colcon.colcon_core.package_identification:_identify(config/models) by extension 'python_setup_py'
[0.112s] Level 1:colcon.colcon_core.package_identification:_identify(install) by extensions ['ignore', 'ignore_ament_install']
[0.112s] Level 1:colcon.colcon_core.package_identification:_identify(install) by extension 'ignore'
[0.112s] Level 1:colcon.colcon_core.package_identification:_identify(install) ignored
[0.112s] Level 1:colcon.colcon_core.package_identification:_identify(log) by extensions ['ignore', 'ignore_ament_install']
[0.112s] Level 1:colcon.colcon_core.package_identification:_identify(log) by extension 'ignore'
[0.112s] Level 1:colcon.colcon_core.package_identification:_identify(log) ignored
[0.112s] Level 1:colcon.colcon_core.package_discovery:discover_packages(recursive) using defaults
[0.112s] Level 1:colcon.colcon_core.package_discovery:discover_packages(ignore) discover
[0.112s] Level 1:colcon.colcon_core.package_discovery:discover_packages(ignore) using defaults
[0.112s] Level 1:colcon.colcon_core.package_discovery:discover_packages(path) discover
[0.112s] Level 1:colcon.colcon_core.package_discovery:discover_packages(path) using defaults
[0.112s] WARNING:colcon.colcon_core.package_selection:ignoring unknown package 'mrs_uav_gazebo_simulator' in --allow-overriding
[0.125s] Level 1:colcon.colcon_core.package_discovery:discover_packages(prefix_path) check parameters
[0.125s] Level 1:colcon.colcon_core.package_discovery:discover_packages(prefix_path) discover
[0.126s] DEBUG:colcon.colcon_installed_package_information.package_discovery:Found 3 installed packages in /home/tim/ws_ros2/install
[0.128s] DEBUG:colcon.colcon_installed_package_information.package_discovery:Found 462 installed packages in /opt/ros/jazzy
[0.129s] Level 1:colcon.colcon_core.package_discovery:discover_packages(prefix_path) using defaults
[0.161s] INFO:colcon.colcon_core.executor:Executing jobs using 'parallel' executor
[0.161s] DEBUG:colcon.colcon_parallel_executor.executor.parallel:run_until_complete
[0.161s] DEBUG:colcon.colcon_parallel_executor.executor.parallel:closing loop
[0.161s] DEBUG:colcon.colcon_parallel_executor.executor.parallel:loop closed
[0.161s] DEBUG:colcon.colcon_parallel_executor.executor.parallel:run_until_complete finished with '0'
[0.162s] DEBUG:colcon.colcon_core.event_reactor:joining thread
[0.168s] INFO:colcon.colcon_core.plugin_system:Skipping extension 'colcon_notification.desktop_notification.terminal_notifier': Not used on non-Darwin systems
[0.168s] INFO:colcon.colcon_core.plugin_system:Skipping extension 'colcon_notification.desktop_notification.win32': Not used on non-Windows systems
[0.168s] INFO:colcon.colcon_notification.desktop_notification:Sending desktop notification using 'notify2'
[0.170s] DEBUG:colcon.colcon_core.event_reactor:joined thread
[0.171s] INFO:colcon.colcon_core.plugin_system:Skipping extension 'colcon_core.shell.bat': Not used on non-Windows systems
[0.171s] INFO:colcon.colcon_core.shell:Creating prefix script '/home/tim/ws_ros2/src/uvdar_gazebo_plugin/tmux/two_drones_uvdar/install/local_setup.ps1'
[0.172s] INFO:colcon.colcon_core.shell:Creating prefix util module '/home/tim/ws_ros2/src/uvdar_gazebo_plugin/tmux/two_drones_uvdar/install/_local_setup_util_ps1.py'
[0.173s] INFO:colcon.colcon_core.shell:Creating prefix chain script '/home/tim/ws_ros2/src/uvdar_gazebo_plugin/tmux/two_drones_uvdar/install/setup.ps1'
[0.173s] INFO:colcon.colcon_core.shell:Creating prefix script '/home/tim/ws_ros2/src/uvdar_gazebo_plugin/tmux/two_drones_uvdar/install/local_setup.sh'
[0.174s] INFO:colcon.colcon_core.shell:Creating prefix util module '/home/tim/ws_ros2/src/uvdar_gazebo_plugin/tmux/two_drones_uvdar/install/_local_setup_util_sh.py'
[0.174s] INFO:colcon.colcon_core.shell:Creating prefix chain script '/home/tim/ws_ros2/src/uvdar_gazebo_plugin/tmux/two_drones_uvdar/install/setup.sh'
[0.175s] INFO:colcon.colcon_core.shell:Creating prefix script '/home/tim/ws_ros2/src/uvdar_gazebo_plugin/tmux/two_drones_uvdar/install/local_setup.bash'
[0.175s] INFO:colcon.colcon_core.shell:Creating prefix chain script '/home/tim/ws_ros2/src/uvdar_gazebo_plugin/tmux/two_drones_uvdar/install/setup.bash'
[0.176s] INFO:colcon.colcon_core.shell:Creating prefix script '/home/tim/ws_ros2/src/uvdar_gazebo_plugin/tmux/two_drones_uvdar/install/local_setup.zsh'
[0.176s] INFO:colcon.colcon_core.shell:Creating prefix chain script '/home/tim/ws_ros2/src/uvdar_gazebo_plugin/tmux/two_drones_uvdar/install/setup.zsh'
